2026-07-30 16:33:48.649 | INFO     | app.core.ob_oracle.database:<module>:26 - ✅ cx_Oracle 客户端已初始化: lib_dir=C:\obclient\lib
2026-07-30 16:33:50.848 | DEBUG    | logging:callHandlers:1762 - Looking up time zone info from registry
2026-07-30 16:33:51.770 | INFO     | app.core.discover:_build:38 - 🚀 开始动态路由发现与注册
2026-07-30 16:33:51.838 | INFO     | app.core.discover:_build:78 -   ↳ 注册 APIRouter 变量 `DemoRouter` ← app.plugin.module_example.demo.controller
2026-07-30 16:33:51.871 | INFO     | app.core.discover:_build:78 -   ↳ 注册 APIRouter 变量 `MysqlDemoRouter` ← app.plugin.module_mysql_demo.demo.controller
2026-07-30 16:33:51.904 | INFO     | app.core.discover:_build:78 -   ↳ 注册 APIRouter 变量 `ObOracleDemoRouter` ← app.plugin.module_ob_oracle_demo.demo.controller
2026-07-30 16:33:51.941 | INFO     | app.core.discover:_build:78 -   ↳ 注册 APIRouter 变量 `ObOracleQueryRouter` ← app.plugin.module_ob_oracle_query.query.controller
2026-07-30 16:33:51.959 | INFO     | app.core.discover:_build:78 -   ↳ 注册 APIRouter 变量 `ObPartitionTabAnalyzeRouter` ← app.plugin.module_ob_partition_tab_analyze.analyze.controller
2026-07-30 16:33:51.984 | INFO     | app.core.discover:_build:78 -   ↳ 注册 APIRouter 变量 `ObProcesslistRouter` ← app.plugin.module_ob_processlist.processlist.controller
2026-07-30 16:33:52.003 | INFO     | app.core.discover:_build:78 -   ↳ 注册 APIRouter 变量 `ObSchedulerJobsRouter` ← app.plugin.module_ob_scheduler_jobs.jobs.controller
2026-07-30 16:33:52.073 | INFO     | app.core.discover:_build:78 -   ↳ 注册 APIRouter 变量 `ObSqlAuditRouter` ← app.plugin.module_ob_sql_audit.audit.controller
2026-07-30 16:33:52.125 | INFO     | app.core.discover:_build:78 -   ↳ 注册 APIRouter 变量 `ObSqlstatCurRouter` ← app.plugin.module_ob_sqlstat_cur.sqlstat.controller
2026-07-30 16:33:52.145 | INFO     | app.core.discover:_build:78 -   ↳ 注册 APIRouter 变量 `ObWrSqlstatRouter` ← app.plugin.module_ob_wr_sqlstat.sqlstat.controller
2026-07-30 16:33:52.256 | INFO     | app.core.discover:_build:78 -   ↳ 注册 APIRouter 变量 `OracleDemoRouter` ← app.plugin.module_oracle_demo.demo.controller
2026-07-30 16:33:52.347 | INFO     | app.core.discover:_build:78 -   ↳ 注册 APIRouter 变量 `OracleSessionRouter` ← app.plugin.module_oracle_session.demo.controller
2026-07-30 16:33:52.365 | INFO     | app.core.discover:_build:78 -   ↳ 注册 APIRouter 变量 `OracleTablespaceRouter` ← app.plugin.module_oracle_tablespace.tablespace.controller
2026-07-30 16:33:52.381 | INFO     | app.core.discover:_build:95 - ✅ 注册容器: /example (子路由数: 1)
2026-07-30 16:33:52.392 | INFO     | app.core.discover:_build:95 - ✅ 注册容器: /mysql_demo (子路由数: 1)
2026-07-30 16:33:52.403 | INFO     | app.core.discover:_build:95 - ✅ 注册容器: /ob_oracle_demo (子路由数: 1)
2026-07-30 16:33:52.410 | INFO     | app.core.discover:_build:95 - ✅ 注册容器: /ob_oracle_query (子路由数: 1)
2026-07-30 16:33:52.414 | INFO     | app.core.discover:_build:95 - ✅ 注册容器: /ob_partition_tab_analyze (子路由数: 1)
2026-07-30 16:33:52.420 | INFO     | app.core.discover:_build:95 - ✅ 注册容器: /ob_processlist (子路由数: 1)
2026-07-30 16:33:52.425 | INFO     | app.core.discover:_build:95 - ✅ 注册容器: /ob_scheduler_jobs (子路由数: 1)
2026-07-30 16:33:52.431 | INFO     | app.core.discover:_build:95 - ✅ 注册容器: /ob_sql_audit (子路由数: 1)
2026-07-30 16:33:52.435 | INFO     | app.core.discover:_build:95 - ✅ 注册容器: /ob_sqlstat_cur (子路由数: 1)
2026-07-30 16:33:52.440 | INFO     | app.core.discover:_build:95 - ✅ 注册容器: /ob_wr_sqlstat (子路由数: 1)
2026-07-30 16:33:52.451 | INFO     | app.core.discover:_build:95 - ✅ 注册容器: /oracle_demo (子路由数: 1)
2026-07-30 16:33:52.458 | INFO     | app.core.discover:_build:95 - ✅ 注册容器: /oracle_session (子路由数: 1)
2026-07-30 16:33:52.465 | INFO     | app.core.discover:_build:95 - ✅ 注册容器: /oracle_tablespace (子路由数: 1)
2026-07-30 16:33:52.465 | INFO     | app.core.discover:_build:97 - ✅ 动态路由发现完成: 共 13 个容器前缀
2026-07-30 16:33:52.618 | INFO     | logging:callHandlers:1762 - Started server process [17528]
2026-07-30 16:33:52.619 | INFO     | logging:callHandlers:1762 - Waiting for application startup.
2026-07-30 16:34:03.159 | ERROR    | app.core.database:check_db:98 - ❌ 数据库连接失败: (pymysql.err.OperationalError) (2003, "Can't connect to MySQL server on '10.3.94.10' (timed out)")
(Background on this error at: https://sqlalche.me/e/20/e3q8)
2026-07-30 16:34:03.309 | ERROR    | logging:callHandlers:1762 - Traceback (most recent call last):
  File "D:\Dev\mygit\FastapiAdmin\backend\.venv\Lib\site-packages\pymysql\connections.py", line 682, in connect
    sock = socket.create_connection(
           ^^^^^^^^^^^^^^^^^^^^^^^^^
  File "D:\Dev\Python\Python312\Lib\socket.py", line 865, in create_connection
    raise exceptions[0]
  File "D:\Dev\Python\Python312\Lib\socket.py", line 850, in create_connection
    sock.connect(sa)
TimeoutError: timed out

During handling of the above exception, another exception occurred:

Traceback (most recent call last):
  File "D:\Dev\mygit\FastapiAdmin\backend\.venv\Lib\site-packages\sqlalchemy\engine\base.py", line 144, in __init__
    self._dbapi_connection = engine.raw_connection()
                             ^^^^^^^^^^^^^^^^^^^^^^^
  File "D:\Dev\mygit\FastapiAdmin\backend\.venv\Lib\site-packages\sqlalchemy\engine\base.py", line 3319, in raw_connection
    return self.pool.connect()
           ^^^^^^^^^^^^^^^^^^^
  File "D:\Dev\mygit\FastapiAdmin\backend\.venv\Lib\site-packages\sqlalchemy\pool\base.py", line 448, in connect
    return _ConnectionFairy._checkout(self)
           ^^^^^^^^^^^^^^^^^^^^^^^^^^^^^^^^
  File "D:\Dev\mygit\FastapiAdmin\backend\.venv\Lib\site-packages\sqlalchemy\pool\base.py", line 1272, in _checkout
    fairy = _ConnectionRecord.checkout(pool)
            ^^^^^^^^^^^^^^^^^^^^^^^^^^^^^^^^
  File "D:\Dev\mygit\FastapiAdmin\backend\.venv\Lib\site-packages\sqlalchemy\pool\base.py", line 712, in checkout
    rec = pool._do_get()
          ^^^^^^^^^^^^^^
  File "D:\Dev\mygit\FastapiAdmin\backend\.venv\Lib\site-packages\sqlalchemy\pool\impl.py", line 178, in _do_get
    with util.safe_reraise():
         ^^^^^^^^^^^^^^^^^^^
  File "D:\Dev\mygit\FastapiAdmin\backend\.venv\Lib\site-packages\sqlalchemy\util\langhelpers.py", line 122, in __exit__
    raise exc_value.with_traceback(exc_tb)
  File "D:\Dev\mygit\FastapiAdmin\backend\.venv\Lib\site-packages\sqlalchemy\pool\impl.py", line 176, in _do_get
    return self._create_connection()
           ^^^^^^^^^^^^^^^^^^^^^^^^^
  File "D:\Dev\mygit\FastapiAdmin\backend\.venv\Lib\site-packages\sqlalchemy\pool\base.py", line 389, in _create_connection
    return _ConnectionRecord(self)
           ^^^^^^^^^^^^^^^^^^^^^^^
  File "D:\Dev\mygit\FastapiAdmin\backend\.venv\Lib\site-packages\sqlalchemy\pool\base.py", line 674, in __init__
    self.__connect()
  File "D:\Dev\mygit\FastapiAdmin\backend\.venv\Lib\site-packages\sqlalchemy\pool\base.py", line 900, in __connect
    with util.safe_reraise():
         ^^^^^^^^^^^^^^^^^^^
  File "D:\Dev\mygit\FastapiAdmin\backend\.venv\Lib\site-packages\sqlalchemy\util\langhelpers.py", line 122, in __exit__
    raise exc_value.with_traceback(exc_tb)
  File "D:\Dev\mygit\FastapiAdmin\backend\.venv\Lib\site-packages\sqlalchemy\pool\base.py", line 896, in __connect
    self.dbapi_connection = connection = pool._invoke_creator(self)
                                         ^^^^^^^^^^^^^^^^^^^^^^^^^^
  File "D:\Dev\mygit\FastapiAdmin\backend\.venv\Lib\site-packages\sqlalchemy\engine\create.py", line 667, in connect
    return dialect.connect(*cargs_tup, **cparams)
           ^^^^^^^^^^^^^^^^^^^^^^^^^^^^^^^^^^^^^^
  File "D:\Dev\mygit\FastapiAdmin\backend\.venv\Lib\site-packages\sqlalchemy\engine\default.py", line 630, in connect
    return self.loaded_dbapi.connect(*cargs, **cparams)  # type: ignore[no-any-return]  # NOQA: E501
           ^^^^^^^^^^^^^^^^^^^^^^^^^^^^^^^^^^^^^^^^^^^^
  File "D:\Dev\mygit\FastapiAdmin\backend\.venv\Lib\site-packages\pymysql\connections.py", line 372, in __init__
    self.connect()
  File "D:\Dev\mygit\FastapiAdmin\backend\.venv\Lib\site-packages\pymysql\connections.py", line 744, in connect
    raise exc
pymysql.err.OperationalError: (2003, "Can't connect to MySQL server on '10.3.94.10' (timed out)")

The above exception was the direct cause of the following exception:

Traceback (most recent call last):
  File "D:\Dev\mygit\FastapiAdmin\backend\.venv\Lib\site-packages\starlette\routing.py", line 638, in lifespan
    async with self.lifespan_context(app) as maybe_state:
               ^^^^^^^^^^^^^^^^^^^^^^^^^^
  File "D:\Dev\Python\Python312\Lib\contextlib.py", line 210, in __aenter__
    return await anext(self.gen)
           ^^^^^^^^^^^^^^^^^^^^^
  File "D:\Dev\mygit\FastapiAdmin\backend\.venv\Lib\site-packages\fastapi\routing.py", line 232, in merged_lifespan
    async with original_context(app) as maybe_original_state:
               ^^^^^^^^^^^^^^^^^^^^^
  File "D:\Dev\Python\Python312\Lib\contextlib.py", line 210, in __aenter__
    return await anext(self.gen)
           ^^^^^^^^^^^^^^^^^^^^^
  File "D:\Dev\mygit\FastapiAdmin\backend\.venv\Lib\site-packages\fastapi\routing.py", line 232, in merged_lifespan
    async with original_context(app) as maybe_original_state:
               ^^^^^^^^^^^^^^^^^^^^^
  File "D:\Dev\Python\Python312\Lib\contextlib.py", line 210, in __aenter__
    return await anext(self.gen)
           ^^^^^^^^^^^^^^^^^^^^^
  File "D:\Dev\mygit\FastapiAdmin\backend\.venv\Lib\site-packages\fastapi\routing.py", line 232, in merged_lifespan
    async with original_context(app) as maybe_original_state:
               ^^^^^^^^^^^^^^^^^^^^^
  File "D:\Dev\Python\Python312\Lib\contextlib.py", line 210, in __aenter__
    return await anext(self.gen)
           ^^^^^^^^^^^^^^^^^^^^^
  File "D:\Dev\mygit\FastapiAdmin\backend\.venv\Lib\site-packages\fastapi\routing.py", line 232, in merged_lifespan
    async with original_context(app) as maybe_original_state:
               ^^^^^^^^^^^^^^^^^^^^^
  File "D:\Dev\Python\Python312\Lib\contextlib.py", line 210, in __aenter__
    return await anext(self.gen)
           ^^^^^^^^^^^^^^^^^^^^^
  File "D:\Dev\mygit\FastapiAdmin\backend\.venv\Lib\site-packages\fastapi\routing.py", line 232, in merged_lifespan
    async with original_context(app) as maybe_original_state:
               ^^^^^^^^^^^^^^^^^^^^^
  File "D:\Dev\Python\Python312\Lib\contextlib.py", line 210, in __aenter__
    return await anext(self.gen)
           ^^^^^^^^^^^^^^^^^^^^^
  File "D:\Dev\mygit\FastapiAdmin\backend\.venv\Lib\site-packages\fastapi\routing.py", line 232, in merged_lifespan
    async with original_context(app) as maybe_original_state:
               ^^^^^^^^^^^^^^^^^^^^^
  File "D:\Dev\Python\Python312\Lib\contextlib.py", line 210, in __aenter__
    return await anext(self.gen)
           ^^^^^^^^^^^^^^^^^^^^^
  File "D:\Dev\mygit\FastapiAdmin\backend\.venv\Lib\site-packages\fastapi\routing.py", line 232, in merged_lifespan
    async with original_context(app) as maybe_original_state:
               ^^^^^^^^^^^^^^^^^^^^^
  File "D:\Dev\Python\Python312\Lib\contextlib.py", line 210, in __aenter__
    return await anext(self.gen)
           ^^^^^^^^^^^^^^^^^^^^^
  File "D:\Dev\mygit\FastapiAdmin\backend\app\init_app.py", line 26, in lifespan
    await InitializeData().init_db()
  File "D:\Dev\mygit\FastapiAdmin\backend\app\scripts\initialize.py", line 51, in init_db
    await check_db()
  File "D:\Dev\mygit\FastapiAdmin\backend\app\core\database.py", line 99, in check_db
    raise e
  File "D:\Dev\mygit\FastapiAdmin\backend\app\core\database.py", line 94, in check_db
    with engine.connect():
         ^^^^^^^^^^^^^^^^
  File "D:\Dev\mygit\FastapiAdmin\backend\.venv\Lib\site-packages\sqlalchemy\engine\base.py", line 3295, in connect
    return self._connection_cls(self)
           ^^^^^^^^^^^^^^^^^^^^^^^^^^
  File "D:\Dev\mygit\FastapiAdmin\backend\.venv\Lib\site-packages\sqlalchemy\engine\base.py", line 146, in __init__
    Connection._handle_dbapi_exception_noconnection(
  File "D:\Dev\mygit\FastapiAdmin\backend\.venv\Lib\site-packages\sqlalchemy\engine\base.py", line 2450, in _handle_dbapi_exception_noconnection
    raise sqlalchemy_exception.with_traceback(exc_info[2]) from e
  File "D:\Dev\mygit\FastapiAdmin\backend\.venv\Lib\site-packages\sqlalchemy\engine\base.py", line 144, in __init__
    self._dbapi_connection = engine.raw_connection()
                             ^^^^^^^^^^^^^^^^^^^^^^^
  File "D:\Dev\mygit\FastapiAdmin\backend\.venv\Lib\site-packages\sqlalchemy\engine\base.py", line 3319, in raw_connection
    return self.pool.connect()
           ^^^^^^^^^^^^^^^^^^^
  File "D:\Dev\mygit\FastapiAdmin\backend\.venv\Lib\site-packages\sqlalchemy\pool\base.py", line 448, in connect
    return _ConnectionFairy._checkout(self)
           ^^^^^^^^^^^^^^^^^^^^^^^^^^^^^^^^
  File "D:\Dev\mygit\FastapiAdmin\backend\.venv\Lib\site-packages\sqlalchemy\pool\base.py", line 1272, in _checkout
    fairy = _ConnectionRecord.checkout(pool)
            ^^^^^^^^^^^^^^^^^^^^^^^^^^^^^^^^
  File "D:\Dev\mygit\FastapiAdmin\backend\.venv\Lib\site-packages\sqlalchemy\pool\base.py", line 712, in checkout
    rec = pool._do_get()
          ^^^^^^^^^^^^^^
  File "D:\Dev\mygit\FastapiAdmin\backend\.venv\Lib\site-packages\sqlalchemy\pool\impl.py", line 178, in _do_get
    with util.safe_reraise():
         ^^^^^^^^^^^^^^^^^^^
  File "D:\Dev\mygit\FastapiAdmin\backend\.venv\Lib\site-packages\sqlalchemy\util\langhelpers.py", line 122, in __exit__
    raise exc_value.with_traceback(exc_tb)
  File "D:\Dev\mygit\FastapiAdmin\backend\.venv\Lib\site-packages\sqlalchemy\pool\impl.py", line 176, in _do_get
    return self._create_connection()
           ^^^^^^^^^^^^^^^^^^^^^^^^^
  File "D:\Dev\mygit\FastapiAdmin\backend\.venv\Lib\site-packages\sqlalchemy\pool\base.py", line 389, in _create_connection
    return _ConnectionRecord(self)
           ^^^^^^^^^^^^^^^^^^^^^^^
  File "D:\Dev\mygit\FastapiAdmin\backend\.venv\Lib\site-packages\sqlalchemy\pool\base.py", line 674, in __init__
    self.__connect()
  File "D:\Dev\mygit\FastapiAdmin\backend\.venv\Lib\site-packages\sqlalchemy\pool\base.py", line 900, in __connect
    with util.safe_reraise():
         ^^^^^^^^^^^^^^^^^^^
  File "D:\Dev\mygit\FastapiAdmin\backend\.venv\Lib\site-packages\sqlalchemy\util\langhelpers.py", line 122, in __exit__
    raise exc_value.with_traceback(exc_tb)
  File "D:\Dev\mygit\FastapiAdmin\backend\.venv\Lib\site-packages\sqlalchemy\pool\base.py", line 896, in __connect
    self.dbapi_connection = connection = pool._invoke_creator(self)
                                         ^^^^^^^^^^^^^^^^^^^^^^^^^^
  File "D:\Dev\mygit\FastapiAdmin\backend\.venv\Lib\site-packages\sqlalchemy\engine\create.py", line 667, in connect
    return dialect.connect(*cargs_tup, **cparams)
           ^^^^^^^^^^^^^^^^^^^^^^^^^^^^^^^^^^^^^^
  File "D:\Dev\mygit\FastapiAdmin\backend\.venv\Lib\site-packages\sqlalchemy\engine\default.py", line 630, in connect
    return self.loaded_dbapi.connect(*cargs, **cparams)  # type: ignore[no-any-return]  # NOQA: E501
           ^^^^^^^^^^^^^^^^^^^^^^^^^^^^^^^^^^^^^^^^^^^^
  File "D:\Dev\mygit\FastapiAdmin\backend\.venv\Lib\site-packages\pymysql\connections.py", line 372, in __init__
    self.connect()
  File "D:\Dev\mygit\FastapiAdmin\backend\.venv\Lib\site-packages\pymysql\connections.py", line 744, in connect
    raise exc
sqlalchemy.exc.OperationalError: (pymysql.err.OperationalError) (2003, "Can't connect to MySQL server on '10.3.94.10' (timed out)")
(Background on this error at: https://sqlalche.me/e/20/e3q8)

2026-07-30 16:34:03.312 | ERROR    | logging:callHandlers:1762 - Application startup failed. Exiting.
2026-07-30 16:34:59.567 | INFO     | app.core.ob_oracle.database:<module>:26 - ✅ cx_Oracle 客户端已初始化: lib_dir=C:\obclient\lib
2026-07-30 16:35:00.337 | DEBUG    | logging:callHandlers:1762 - Looking up time zone info from registry
2026-07-30 16:35:01.060 | INFO     | app.core.discover:_build:38 - 🚀 开始动态路由发现与注册
2026-07-30 16:35:01.121 | INFO     | app.core.discover:_build:78 -   ↳ 注册 APIRouter 变量 `DemoRouter` ← app.plugin.module_example.demo.controller
2026-07-30 16:35:01.152 | INFO     | app.core.discover:_build:78 -   ↳ 注册 APIRouter 变量 `MysqlDemoRouter` ← app.plugin.module_mysql_demo.demo.controller
2026-07-30 16:35:01.182 | INFO     | app.core.discover:_build:78 -   ↳ 注册 APIRouter 变量 `ObOracleDemoRouter` ← app.plugin.module_ob_oracle_demo.demo.controller
2026-07-30 16:35:01.210 | INFO     | app.core.discover:_build:78 -   ↳ 注册 APIRouter 变量 `ObOracleQueryRouter` ← app.plugin.module_ob_oracle_query.query.controller
2026-07-30 16:35:01.222 | INFO     | app.core.discover:_build:78 -   ↳ 注册 APIRouter 变量 `ObPartitionTabAnalyzeRouter` ← app.plugin.module_ob_partition_tab_analyze.analyze.controller
2026-07-30 16:35:01.239 | INFO     | app.core.discover:_build:78 -   ↳ 注册 APIRouter 变量 `ObProcesslistRouter` ← app.plugin.module_ob_processlist.processlist.controller
2026-07-30 16:35:01.254 | INFO     | app.core.discover:_build:78 -   ↳ 注册 APIRouter 变量 `ObSchedulerJobsRouter` ← app.plugin.module_ob_scheduler_jobs.jobs.controller
2026-07-30 16:35:01.279 | INFO     | app.core.discover:_build:78 -   ↳ 注册 APIRouter 变量 `ObSqlAuditRouter` ← app.plugin.module_ob_sql_audit.audit.controller
2026-07-30 16:35:01.300 | INFO     | app.core.discover:_build:78 -   ↳ 注册 APIRouter 变量 `ObSqlstatCurRouter` ← app.plugin.module_ob_sqlstat_cur.sqlstat.controller
2026-07-30 16:35:01.317 | INFO     | app.core.discover:_build:78 -   ↳ 注册 APIRouter 变量 `ObWrSqlstatRouter` ← app.plugin.module_ob_wr_sqlstat.sqlstat.controller
2026-07-30 16:35:01.347 | INFO     | app.core.discover:_build:78 -   ↳ 注册 APIRouter 变量 `OracleDemoRouter` ← app.plugin.module_oracle_demo.demo.controller
2026-07-30 16:35:01.377 | INFO     | app.core.discover:_build:78 -   ↳ 注册 APIRouter 变量 `OracleSessionRouter` ← app.plugin.module_oracle_session.demo.controller
2026-07-30 16:35:01.399 | INFO     | app.core.discover:_build:78 -   ↳ 注册 APIRouter 变量 `OracleTablespaceRouter` ← app.plugin.module_oracle_tablespace.tablespace.controller
2026-07-30 16:35:01.418 | INFO     | app.core.discover:_build:95 - ✅ 注册容器: /example (子路由数: 1)
2026-07-30 16:35:01.430 | INFO     | app.core.discover:_build:95 - ✅ 注册容器: /mysql_demo (子路由数: 1)
2026-07-30 16:35:01.442 | INFO     | app.core.discover:_build:95 - ✅ 注册容器: /ob_oracle_demo (子路由数: 1)
2026-07-30 16:35:01.452 | INFO     | app.core.discover:_build:95 - ✅ 注册容器: /ob_oracle_query (子路由数: 1)
2026-07-30 16:35:01.455 | INFO     | app.core.discover:_build:95 - ✅ 注册容器: /ob_partition_tab_analyze (子路由数: 1)
2026-07-30 16:35:01.461 | INFO     | app.core.discover:_build:95 - ✅ 注册容器: /ob_processlist (子路由数: 1)
2026-07-30 16:35:01.466 | INFO     | app.core.discover:_build:95 - ✅ 注册容器: /ob_scheduler_jobs (子路由数: 1)
2026-07-30 16:35:01.472 | INFO     | app.core.discover:_build:95 - ✅ 注册容器: /ob_sql_audit (子路由数: 1)
2026-07-30 16:35:01.476 | INFO     | app.core.discover:_build:95 - ✅ 注册容器: /ob_sqlstat_cur (子路由数: 1)
2026-07-30 16:35:01.481 | INFO     | app.core.discover:_build:95 - ✅ 注册容器: /ob_wr_sqlstat (子路由数: 1)
2026-07-30 16:35:01.492 | INFO     | app.core.discover:_build:95 - ✅ 注册容器: /oracle_demo (子路由数: 1)
2026-07-30 16:35:01.504 | INFO     | app.core.discover:_build:95 - ✅ 注册容器: /oracle_session (子路由数: 1)
2026-07-30 16:35:01.514 | INFO     | app.core.discover:_build:95 - ✅ 注册容器: /oracle_tablespace (子路由数: 1)
2026-07-30 16:35:01.514 | INFO     | app.core.discover:_build:97 - ✅ 动态路由发现完成: 共 13 个容器前缀
2026-07-30 16:35:01.657 | INFO     | logging:callHandlers:1762 - Started server process [27752]
2026-07-30 16:35:01.657 | INFO     | logging:callHandlers:1762 - Waiting for application startup.
2026-07-30 16:35:01.834 | INFO     | app.core.database:check_db:96 - ✅ 数据库连接正常
2026-07-30 16:35:01.839 | DEBUG    | logging:callHandlers:1762 - caching sha2: succeeded by fast path.
2026-07-30 16:35:01.945 | INFO     | app.scripts.initialize:__init_data:73 - ⏭️  跳过 sys_menu 表数据初始化（表已有数据）
2026-07-30 16:35:01.962 | INFO     | app.scripts.initialize:__init_data:73 - ⏭️  跳过 sys_dept 表数据初始化（表已有数据）
2026-07-30 16:35:01.979 | INFO     | app.scripts.initialize:__init_data:73 - ⏭️  跳过 sys_param 表数据初始化（表已有数据）
2026-07-30 16:35:01.983 | INFO     | app.scripts.initialize:__init_data:73 - ⏭️  跳过 sys_role 表数据初始化（表已有数据）
2026-07-30 16:35:01.987 | INFO     | app.scripts.initialize:__init_data:73 - ⏭️  跳过 sys_dict_type 表数据初始化（表已有数据）
2026-07-30 16:35:01.991 | INFO     | app.scripts.initialize:__init_data:73 - ⏭️  跳过 sys_dict_data 表数据初始化（表已有数据）
2026-07-30 16:35:01.995 | INFO     | app.scripts.initialize:__init_data:73 - ⏭️  跳过 sys_user 表数据初始化（表已有数据）
2026-07-30 16:35:01.999 | INFO     | app.scripts.initialize:__init_data:73 - ⏭️  跳过 sys_user_roles 表数据初始化（表已有数据）
2026-07-30 16:35:02.002 | INFO     | app.scripts.initialize:__init_data:73 - ⏭️  跳过 sys_version 表数据初始化（表已有数据）
2026-07-30 16:35:02.006 | INFO     | app.scripts.initialize:__init_data:73 - ⏭️  跳过 sys_oracle_config 表数据初始化（表已有数据）
2026-07-30 16:35:02.009 | INFO     | app.scripts.initialize:__init_data:73 - ⏭️  跳过 sys_mysql_config 表数据初始化（表已有数据）
2026-07-30 16:35:02.011 | INFO     | app.scripts.initialize:__init_data:73 - ⏭️  跳过 sys_ob_oracle_config 表数据初始化（表已有数据）
2026-07-30 16:35:02.012 | INFO     | app.scripts.initialize:__init_data:67 - ⏭️  跳过 sys_ob_module_parent_menu 表，无初始化数据
2026-07-30 16:35:02.012 | INFO     | app.scripts.initialize:__init_data:67 - ⏭️  跳过 sys_ob_module 表，无初始化数据
2026-07-30 16:35:02.012 | INFO     | app.scripts.initialize:__init_data:67 - ⏭️  跳过 sys_ob_oracle_config_module 表，无初始化数据
2026-07-30 16:35:02.013 | INFO     | app.scripts.initialize:__init_data:67 - ⏭️  跳过 sys_ob_oracle_config_user 表，无初始化数据
2026-07-30 16:35:02.014 | INFO     | app.init_app:lifespan:27 - ✅ mysql数据库初始化完成
2026-07-30 16:35:02.032 | INFO     | app.init_app:lifespan:29 - ✅ Redis 连接初始化完成
2026-07-30 16:35:02.235 | INFO     | app.init_app:lifespan:31 - ✅ Redis系统参数初始化完成
2026-07-30 16:35:02.270 | INFO     | app.init_app:lifespan:33 - ✅ Redis数据字典初始化完成
2026-07-30 16:35:02.293 | INFO     | app.core.ap_scheduler:_dispatch_job_event:126 - 任务 system_cleanup_operation_log 已添加
2026-07-30 16:35:02.293 | INFO     | app.core.ap_scheduler:init_scheduler:151 - ✅ 1 个系统周期任务已注册（操作日志清理）
2026-07-30 16:35:02.293 | INFO     | app.init_app:lifespan:35 - ✅ 定时任务调度器初始化完成
2026-07-30 16:35:02.351 | INFO     | logging:callHandlers:1762 - Application startup complete.
2026-07-30 16:38:13.355 | INFO     | logging:callHandlers:1762 - 127.0.0.1:55419 - "GET /api/v1/system/param/info HTTP/1.1" 200
2026-07-30 16:38:14.301 | INFO     | logging:callHandlers:1762 - 127.0.0.1:55424 - "GET /api/v1/system/auth/captcha/get HTTP/1.1" 200
2026-07-30 16:38:26.147 | ERROR    | app.core.exceptions:custom_exception_handler:82 - [自定义异常] GET /api/v1/system/user/current/info | source=D:\Dev\mygit\FastapiAdmin\backend\app\core\dependencies.py:75:_authenticate | code=401 | msg=认证已失效 | data=None | cid=5eff37e5
2026-07-30 16:38:26.148 | INFO     | logging:callHandlers:1762 - 127.0.0.1:55437 - "GET /api/v1/system/user/current/info HTTP/1.1" 401
2026-07-30 16:38:26.222 | ERROR    | app.core.exceptions:custom_exception_handler:82 - [自定义异常] POST /api/v1/system/auth/token/refresh | source=D:\Dev\mygit\FastapiAdmin\backend\app\core\security.py:150:decode_access_token | code=10401 | msg=认证已过期,请重新登录 | data=None | cid=8c9c3af1
2026-07-30 16:38:26.223 | INFO     | logging:callHandlers:1762 - 127.0.0.1:55439 - "POST /api/v1/system/auth/token/refresh HTTP/1.1" 401
2026-07-30 16:38:26.701 | INFO     | logging:callHandlers:1762 - 127.0.0.1:55441 - "GET /api/v1/system/param/info HTTP/1.1" 200
2026-07-30 16:38:26.749 | INFO     | logging:callHandlers:1762 - 127.0.0.1:55442 - "GET /api/v1/system/auth/captcha/get HTTP/1.1" 200
2026-07-30 16:38:26.793 | INFO     | logging:callHandlers:1762 - 127.0.0.1:55444 - "GET /api/v1/system/auth/captcha/get HTTP/1.1" 200
2026-07-30 16:39:19.414 | ERROR    | app.core.exceptions:custom_exception_handler:82 - [自定义异常] POST /api/v1/system/auth/captcha/slider/complete | source=D:\Dev\mygit\FastapiAdmin\backend\app\api\v1\module_system\auth\service.py:470:slider_complete | code=-1 | msg=验证码已过期，请刷新 | data=None | cid=9c05fb0f
2026-07-30 16:39:19.415 | INFO     | logging:callHandlers:1762 - 127.0.0.1:55471 - "POST /api/v1/system/auth/captcha/slider/complete HTTP/1.1" 500
2026-07-30 16:39:19.439 | INFO     | logging:callHandlers:1762 - 127.0.0.1:55473 - "GET /api/v1/system/auth/captcha/get HTTP/1.1" 200
2026-07-30 16:39:23.015 | INFO     | logging:callHandlers:1762 - 127.0.0.1:55478 - "POST /api/v1/system/auth/captcha/slider/complete HTTP/1.1" 200
2026-07-30 16:39:25.679 | DEBUG    | logging:callHandlers:1762 - caching sha2: succeeded by fast path. | cid=13a3da01
2026-07-30 16:39:25.692 | INFO     | app.api.v1.module_system.auth.controller:login_for_access_token_controller:73 - 用户super登录成功 | cid=13a3da01
2026-07-30 16:39:25.693 | INFO     | logging:callHandlers:1762 - 127.0.0.1:55480 - "POST /api/v1/system/auth/login HTTP/1.1" 200
2026-07-30 16:39:25.939 | INFO     | logging:callHandlers:1762 - 127.0.0.1:55483 - "GET /api/v1/system/user/current/info HTTP/1.1" 200
2026-07-30 16:39:26.024 | INFO     | logging:callHandlers:1762 - 127.0.0.1:55486 - "GET /api/v1/system/param/info HTTP/1.1" 200
2026-07-30 16:39:46.034 | INFO     | logging:callHandlers:1762 - 127.0.0.1:55525 - "GET /api/v1/system/notice/available HTTP/1.1" 200
2026-07-30 16:39:46.048 | INFO     | logging:callHandlers:1762 - 127.0.0.1:55524 - "GET /api/v1/monitor/online/stats HTTP/1.1" 200
2026-07-30 16:39:46.079 | INFO     | logging:callHandlers:1762 - 127.0.0.1:55527 - "GET /api/v1/system/notice/available HTTP/1.1" 200
2026-07-30 16:40:02.632 | INFO     | logging:callHandlers:1762 - 127.0.0.1:55536 - "GET /api/v1/system/mysql_config/list?page_no=1&page_size=100&status=0&db_model=local HTTP/1.1" 200
2026-07-30 16:40:04.232 | INFO     | app.core.mysql.database:get_engine:109 - ✅ MySQL 引擎已创建: mysql_test (1) | cid=3b99e67c
2026-07-30 16:40:04.247 | DEBUG    | logging:callHandlers:1762 - caching sha2: succeeded by fast path. | cid=3b99e67c
2026-07-30 16:40:04.263 | INFO     | logging:callHandlers:1762 - 127.0.0.1:55540 - "GET /api/v1/mysql_demo/mysql_demo/list?page_no=1&page_size=10&config_id=1 HTTP/1.1" 200
2026-07-30 16:40:06.194 | INFO     | logging:callHandlers:1762 - 127.0.0.1:55543 - "GET /api/v1/system/ob_oracle_config/list?page_no=1&page_size=100&status=0 HTTP/1.1" 200
2026-07-30 16:40:08.315 | INFO     | app.core.ob_oracle.database:get_engine:123 - ✅ OB Oracle 引擎已创建: OB_CLOUD_XAG (1) | cid=aeaf9616
2026-07-30 16:40:09.242 | INFO     | logging:callHandlers:1762 - 127.0.0.1:55546 - "GET /api/v1/ob_oracle_demo/ob_oracle_demo/list?page_no=1&page_size=10&config_id=1 HTTP/1.1" 200
2026-07-30 16:40:11.341 | INFO     | logging:callHandlers:1762 - 127.0.0.1:55549 - "GET /api/v1/system/oracle_config/list?page_no=1&page_size=100&status=0&db_type=PDB&auth_mode=NORMAL HTTP/1.1" 200
2026-07-30 16:40:15.264 | INFO     | app.core.oracle.database:get_engine:118 - ✅ Oracle 引擎已创建: SMS01 (1) | cid=ff799f05
2026-07-30 16:40:18.319 | INFO     | logging:callHandlers:1762 - 127.0.0.1:55555 - "GET /api/v1/oracle_demo/oracle_demo/list?page_no=1&page_size=10&config_id=1 HTTP/1.1" 200
2026-07-30 16:40:24.809 | INFO     | logging:callHandlers:1762 - 127.0.0.1:55566 - "GET /api/v1/system/notice/available HTTP/1.1" 200
2026-07-30 16:41:39.459 | INFO     | logging:callHandlers:1762 - 127.0.0.1:55614 - "GET /api/v1/system/oracle_config/list?page_no=1&page_size=100&status=0&db_type=PDB&auth_mode=NORMAL HTTP/1.1" 200
2026-07-30 16:41:41.469 | INFO     | logging:callHandlers:1762 - 127.0.0.1:55621 - "GET /api/v1/oracle_demo/oracle_demo/list?page_no=1&page_size=10&config_id=1 HTTP/1.1" 200
2026-07-30 16:41:52.700 | INFO     | logging:callHandlers:1762 - 127.0.0.1:55629 - "GET /api/v1/oracle_demo/oracle_demo/list?page_no=2&page_size=10&config_id=1 HTTP/1.1" 200
2026-07-30 16:41:54.893 | INFO     | logging:callHandlers:1762 - 127.0.0.1:55633 - "GET /api/v1/oracle_demo/oracle_demo/list?page_no=1&page_size=10&config_id=1 HTTP/1.1" 200
2026-07-30 16:53:49.327 | INFO     | logging:callHandlers:1762 - Shutting down
2026-07-30 16:53:49.437 | INFO     | logging:callHandlers:1762 - Waiting for application shutdown.
2026-07-30 16:53:49.437 | INFO     | app.init_app:lifespan:50 - ✅ 定时任务调度器已关闭
2026-07-30 16:53:49.456 | INFO     | app.core.database:redis_connect:164 - ✅️ Redis连接已关闭
2026-07-30 16:53:49.457 | INFO     | app.init_app:lifespan:52 - ✅ Redis 连接已关闭
2026-07-30 16:53:49.457 | INFO     | app.init_app:lifespan:54 - ✅ 数据库引擎连接池已释放
2026-07-30 16:53:49.474 | INFO     | app.core.oracle.database:dispose_all:139 - ✅ Oracle 引擎已释放: config_id=1
2026-07-30 16:53:49.474 | INFO     | app.init_app:lifespan:60 - ✅ Oracle 连接池已释放
2026-07-30 16:53:49.475 | INFO     | app.core.mysql.database:dispose_all:130 - ✅ MySQL 引擎已释放: config_id=1
2026-07-30 16:53:49.475 | INFO     | app.init_app:lifespan:62 - ✅ MySQL 连接池已释放
2026-07-30 16:53:49.525 | INFO     | app.core.ob_oracle.database:dispose_all:144 - ✅ OB Oracle 引擎已释放: config_id=1
2026-07-30 16:53:49.525 | INFO     | app.init_app:lifespan:64 - ✅ OceanBase 连接池已释放
2026-07-30 16:53:49.527 | INFO     | logging:callHandlers:1762 - Application shutdown complete.
2026-07-30 16:53:49.527 | INFO     | logging:callHandlers:1762 - Finished server process [27752]
2026-07-30 17:04:44.401 | INFO     | app.core.ob_oracle.database:<module>:26 - ✅ cx_Oracle 客户端已初始化: lib_dir=C:\obclient\lib
2026-07-30 17:04:46.118 | DEBUG    | logging:callHandlers:1762 - Looking up time zone info from registry
2026-07-30 17:04:47.684 | INFO     | app.core.discover:_build:38 - 🚀 开始动态路由发现与注册
2026-07-30 17:04:47.802 | INFO     | app.core.discover:_build:78 -   ↳ 注册 APIRouter 变量 `DemoRouter` ← app.plugin.module_example.demo.controller
2026-07-30 17:04:47.902 | INFO     | app.core.discover:_build:78 -   ↳ 注册 APIRouter 变量 `MysqlDemoRouter` ← app.plugin.module_mysql_demo.demo.controller
2026-07-30 17:04:48.076 | INFO     | app.core.discover:_build:78 -   ↳ 注册 APIRouter 变量 `ObOracleDemoRouter` ← app.plugin.module_ob_oracle_demo.demo.controller
2026-07-30 17:04:48.259 | INFO     | app.core.discover:_build:78 -   ↳ 注册 APIRouter 变量 `ObOracleQueryRouter` ← app.plugin.module_ob_oracle_query.query.controller
2026-07-30 17:04:48.282 | INFO     | app.core.discover:_build:78 -   ↳ 注册 APIRouter 变量 `ObPartitionTabAnalyzeRouter` ← app.plugin.module_ob_partition_tab_analyze.analyze.controller
2026-07-30 17:04:48.305 | INFO     | app.core.discover:_build:78 -   ↳ 注册 APIRouter 变量 `ObProcesslistRouter` ← app.plugin.module_ob_processlist.processlist.controller
2026-07-30 17:04:48.324 | INFO     | app.core.discover:_build:78 -   ↳ 注册 APIRouter 变量 `ObSchedulerJobsRouter` ← app.plugin.module_ob_scheduler_jobs.jobs.controller
2026-07-30 17:04:48.345 | INFO     | app.core.discover:_build:78 -   ↳ 注册 APIRouter 变量 `ObSqlAuditRouter` ← app.plugin.module_ob_sql_audit.audit.controller
2026-07-30 17:04:48.365 | INFO     | app.core.discover:_build:78 -   ↳ 注册 APIRouter 变量 `ObSqlstatCurRouter` ← app.plugin.module_ob_sqlstat_cur.sqlstat.controller
2026-07-30 17:04:48.383 | INFO     | app.core.discover:_build:78 -   ↳ 注册 APIRouter 变量 `ObWrSqlstatRouter` ← app.plugin.module_ob_wr_sqlstat.sqlstat.controller
2026-07-30 17:04:48.461 | INFO     | app.core.discover:_build:78 -   ↳ 注册 APIRouter 变量 `OracleDemoRouter` ← app.plugin.module_oracle_demo.demo.controller
2026-07-30 17:04:48.492 | INFO     | app.core.discover:_build:78 -   ↳ 注册 APIRouter 变量 `OracleSessionRouter` ← app.plugin.module_oracle_session.demo.controller
2026-07-30 17:04:48.507 | INFO     | app.core.discover:_build:78 -   ↳ 注册 APIRouter 变量 `OracleTablespaceRouter` ← app.plugin.module_oracle_tablespace.tablespace.controller
2026-07-30 17:04:48.523 | INFO     | app.core.discover:_build:95 - ✅ 注册容器: /example (子路由数: 1)
2026-07-30 17:04:48.540 | INFO     | app.core.discover:_build:95 - ✅ 注册容器: /mysql_demo (子路由数: 1)
2026-07-30 17:04:48.554 | INFO     | app.core.discover:_build:95 - ✅ 注册容器: /ob_oracle_demo (子路由数: 1)
2026-07-30 17:04:48.562 | INFO     | app.core.discover:_build:95 - ✅ 注册容器: /ob_oracle_query (子路由数: 1)
2026-07-30 17:04:48.565 | INFO     | app.core.discover:_build:95 - ✅ 注册容器: /ob_partition_tab_analyze (子路由数: 1)
2026-07-30 17:04:48.571 | INFO     | app.core.discover:_build:95 - ✅ 注册容器: /ob_processlist (子路由数: 1)
2026-07-30 17:04:48.576 | INFO     | app.core.discover:_build:95 - ✅ 注册容器: /ob_scheduler_jobs (子路由数: 1)
2026-07-30 17:04:48.583 | INFO     | app.core.discover:_build:95 - ✅ 注册容器: /ob_sql_audit (子路由数: 1)
2026-07-30 17:04:48.587 | INFO     | app.core.discover:_build:95 - ✅ 注册容器: /ob_sqlstat_cur (子路由数: 1)
2026-07-30 17:04:48.593 | INFO     | app.core.discover:_build:95 - ✅ 注册容器: /ob_wr_sqlstat (子路由数: 1)
2026-07-30 17:04:48.609 | INFO     | app.core.discover:_build:95 - ✅ 注册容器: /oracle_demo (子路由数: 1)
2026-07-30 17:04:48.620 | INFO     | app.core.discover:_build:95 - ✅ 注册容器: /oracle_session (子路由数: 1)
2026-07-30 17:04:48.630 | INFO     | app.core.discover:_build:95 - ✅ 注册容器: /oracle_tablespace (子路由数: 1)
2026-07-30 17:04:48.630 | INFO     | app.core.discover:_build:97 - ✅ 动态路由发现完成: 共 13 个容器前缀
2026-07-30 17:04:48.739 | INFO     | logging:callHandlers:1762 - Started server process [29840]
2026-07-30 17:04:48.739 | INFO     | logging:callHandlers:1762 - Waiting for application startup.
2026-07-30 17:04:48.889 | INFO     | app.core.database:check_db:96 - ✅ 数据库连接正常
2026-07-30 17:04:48.894 | DEBUG    | logging:callHandlers:1762 - caching sha2: succeeded by fast path.
2026-07-30 17:04:48.981 | INFO     | app.scripts.initialize:__init_data:73 - ⏭️  跳过 sys_menu 表数据初始化（表已有数据）
2026-07-30 17:04:48.985 | INFO     | app.scripts.initialize:__init_data:73 - ⏭️  跳过 sys_dept 表数据初始化（表已有数据）
2026-07-30 17:04:48.989 | INFO     | app.scripts.initialize:__init_data:73 - ⏭️  跳过 sys_param 表数据初始化（表已有数据）
2026-07-30 17:04:48.992 | INFO     | app.scripts.initialize:__init_data:73 - ⏭️  跳过 sys_role 表数据初始化（表已有数据）
2026-07-30 17:04:48.996 | INFO     | app.scripts.initialize:__init_data:73 - ⏭️  跳过 sys_dict_type 表数据初始化（表已有数据）
2026-07-30 17:04:49.000 | INFO     | app.scripts.initialize:__init_data:73 - ⏭️  跳过 sys_dict_data 表数据初始化（表已有数据）
2026-07-30 17:04:49.003 | INFO     | app.scripts.initialize:__init_data:73 - ⏭️  跳过 sys_user 表数据初始化（表已有数据）
2026-07-30 17:04:49.006 | INFO     | app.scripts.initialize:__init_data:73 - ⏭️  跳过 sys_user_roles 表数据初始化（表已有数据）
2026-07-30 17:04:49.009 | INFO     | app.scripts.initialize:__init_data:73 - ⏭️  跳过 sys_version 表数据初始化（表已有数据）
2026-07-30 17:04:49.012 | INFO     | app.scripts.initialize:__init_data:73 - ⏭️  跳过 sys_oracle_config 表数据初始化（表已有数据）
2026-07-30 17:04:49.015 | INFO     | app.scripts.initialize:__init_data:73 - ⏭️  跳过 sys_mysql_config 表数据初始化（表已有数据）
2026-07-30 17:04:49.018 | INFO     | app.scripts.initialize:__init_data:73 - ⏭️  跳过 sys_ob_oracle_config 表数据初始化（表已有数据）
2026-07-30 17:04:49.018 | INFO     | app.scripts.initialize:__init_data:67 - ⏭️  跳过 sys_ob_module_parent_menu 表，无初始化数据
2026-07-30 17:04:49.018 | INFO     | app.scripts.initialize:__init_data:67 - ⏭️  跳过 sys_ob_module 表，无初始化数据
2026-07-30 17:04:49.019 | INFO     | app.scripts.initialize:__init_data:67 - ⏭️  跳过 sys_ob_oracle_config_module 表，无初始化数据
2026-07-30 17:04:49.019 | INFO     | app.scripts.initialize:__init_data:67 - ⏭️  跳过 sys_ob_oracle_config_user 表，无初始化数据
2026-07-30 17:04:49.020 | INFO     | app.init_app:lifespan:27 - ✅ mysql数据库初始化完成
2026-07-30 17:04:49.025 | INFO     | app.init_app:lifespan:29 - ✅ Redis 连接初始化完成
2026-07-30 17:04:49.152 | INFO     | app.init_app:lifespan:31 - ✅ Redis系统参数初始化完成
2026-07-30 17:04:49.195 | INFO     | app.init_app:lifespan:33 - ✅ Redis数据字典初始化完成
2026-07-30 17:04:49.208 | INFO     | app.core.ap_scheduler:_dispatch_job_event:126 - 任务 system_cleanup_operation_log 已添加
2026-07-30 17:04:49.208 | INFO     | app.core.ap_scheduler:init_scheduler:151 - ✅ 1 个系统周期任务已注册（操作日志清理）
2026-07-30 17:04:49.209 | INFO     | app.init_app:lifespan:35 - ✅ 定时任务调度器初始化完成
2026-07-30 17:04:49.277 | INFO     | logging:callHandlers:1762 - Application startup complete.
2026-07-30 17:05:03.131 | INFO     | logging:callHandlers:1762 - 127.0.0.1:56661 - "GET /api/v1/system/user/current/info HTTP/1.1" 200
2026-07-30 17:05:09.474 | DEBUG    | logging:callHandlers:1762 - caching sha2: succeeded by fast path. | cid=431d4e3c
2026-07-30 17:05:09.477 | INFO     | logging:callHandlers:1762 - 127.0.0.1:56667 - "GET /api/v1/system/notice/available HTTP/1.1" 200
2026-07-30 17:05:09.497 | INFO     | logging:callHandlers:1762 - 127.0.0.1:56668 - "GET /api/v1/system/ob_oracle_config/list?page_no=1&page_size=100&status=0&module_name=ObOracleQuery HTTP/1.1" 200
2026-07-30 17:05:09.515 | INFO     | logging:callHandlers:1762 - 127.0.0.1:56671 - "GET /api/v1/system/notice/available HTTP/1.1" 200
2026-07-30 17:05:12.488 | INFO     | logging:callHandlers:1762 - 127.0.0.1:56673 - "GET /api/v1/ob_oracle_query/history/list?page_no=1&page_size=10 HTTP/1.1" 200
2026-07-30 17:05:39.499 | INFO     | app.core.ob_oracle.database:get_engine:123 - ✅ OB Oracle 引擎已创建: OB_CLOUD_XAG (1) | cid=54328aa8
2026-07-30 17:05:40.388 | INFO     | logging:callHandlers:1762 - 127.0.0.1:56693 - "POST /api/v1/ob_oracle_query/execute HTTP/1.1" 200
2026-07-30 17:05:57.566 | INFO     | logging:callHandlers:1762 - 127.0.0.1:56707 - "POST /api/v1/ob_oracle_query/execute HTTP/1.1" 200
2026-07-30 17:06:06.118 | INFO     | logging:callHandlers:1762 - 127.0.0.1:56709 - "POST /api/v1/ob_oracle_query/execute HTTP/1.1" 400
2026-07-30 17:06:43.855 | INFO     | logging:callHandlers:1762 - Shutting down
2026-07-30 17:06:43.961 | INFO     | logging:callHandlers:1762 - Waiting for application shutdown.
2026-07-30 17:06:43.961 | INFO     | app.init_app:lifespan:50 - ✅ 定时任务调度器已关闭
2026-07-30 17:06:43.964 | INFO     | app.core.database:redis_connect:164 - ✅️ Redis连接已关闭
2026-07-30 17:06:43.964 | INFO     | app.init_app:lifespan:52 - ✅ Redis 连接已关闭
2026-07-30 17:06:43.965 | INFO     | app.init_app:lifespan:54 - ✅ 数据库引擎连接池已释放
2026-07-30 17:06:43.965 | INFO     | app.init_app:lifespan:60 - ✅ Oracle 连接池已释放
2026-07-30 17:06:43.965 | INFO     | app.init_app:lifespan:62 - ✅ MySQL 连接池已释放
2026-07-30 17:06:44.015 | INFO     | app.core.ob_oracle.database:dispose_all:144 - ✅ OB Oracle 引擎已释放: config_id=1
2026-07-30 17:06:44.015 | INFO     | app.init_app:lifespan:64 - ✅ OceanBase 连接池已释放
2026-07-30 17:06:44.017 | INFO     | logging:callHandlers:1762 - Application shutdown complete.
2026-07-30 17:06:44.017 | INFO     | logging:callHandlers:1762 - Finished server process [29840]
